'Hello World!'
+++ (2)
'Hi all!'
===
__if("2") ? "Hi all!" : "Hello World!";
